A_plain: acc=0.785 labels=202/200 tokens=1197 secs=24
   entity                             gold=  9 pred= 20 recall=0.67
   location                           gold= 29 pred= 25 recall=0.79
   numeric value                      gold= 29 pred= 29 recall=0.79
   abbreviation                       gold= 34 pred= 28 recall=0.68
   human being                        gold= 54 pred= 50 recall=0.8
   description and abstract concept   gold= 45 pred= 48 recall=0.87
   top confusions (gold->pred): [('abbreviation', 'description and abstract concept', 6), ('human being', 'entity', 6), ('description and abstract concept', 'entity', 3), ('numeric value', 'human being', 3), ('human being', 'numeric value', 2), ('description and abstract concept', 'abbreviation', 2), ('entity', 'description and abstract concept', 2), ('location', 'entity', 2)]
B_defs: acc=0.905 labels=200/200 tokens=1185 secs=25
   entity                             gold=  9 pred= 20 recall=1.0
   location                           gold= 29 pred= 27 recall=0.93
   numeric value                      gold= 29 pred= 29 recall=1.0
   abbreviation                       gold= 34 pred= 26 recall=0.76
   human being                        gold= 54 pred= 51 recall=0.93
   description and abstract concept   gold= 45 pred= 47 recall=0.89
   top confusions (gold->pred): [('abbreviation', 'description and abstract concept', 7), ('description and abstract concept', 'entity', 4), ('human being', 'entity', 4), ('location', 'entity', 2)]
E_sharp: acc=0.830 labels=199/200 tokens=1165 secs=24
   entity                             gold=  9 pred= 24 recall=0.89
   location                           gold= 29 pred= 27 recall=0.9
   numeric value                      gold= 29 pred= 28 recall=0.86
   abbreviation                       gold= 34 pred= 27 recall=0.74
   human being                        gold= 54 pred= 49 recall=0.85
   description and abstract concept   gold= 45 pred= 43 recall=0.8
   top confusions (gold->pred): [('description and abstract concept', 'entity', 7), ('abbreviation', 'description and abstract concept', 5), ('human being', 'entity', 5), ('location', 'entity', 2), ('numeric value', 'human being', 2), ('abbreviation', 'numeric value', 2)]
