25 done
50 done
75 done
100 done
125 done
150 done
175 done
200 done
225 done
250 done
275 done
300 done
325 done
350 done
375 done
400 done
425 done
450 done
475 done
500 done
525 done
550 done
575 done
600 done
625 done
650 done
675 done
700 done
725 done
750 done
775 done
800 done
825 done
850 done
875 done
900 done
925 done
950 done
975 done
1000 done
1025 done
1050 done
1075 done
1100 done
1125 done
1150 done
1175 done
1200 done
1225 done
1250 done
1275 done
1300 done
1325 done
1350 done
1375 done
1400 done
1425 done
1450 done
1475 done
1500 done
1525 done
1550 done
1575 done
1600 done
1625 done
1650 done
1675 done
1700 done
1725 done
1750 done
1775 done
1800 done
1825 done
1850 done
1875 done
1900 done
1925 done
1950 done
1975 done
2000 done
2025 done
2050 done
2075 done
2100 done
2125 done
2150 done
2175 done
2200 done
2225 done
2250 done
2275 done
2300 done
2325 done
2350 done
2375 done
2400 done
2425 done
2450 done
2475 done
2500 done
2525 done
2550 done
2575 done
2600 done
2625 done
2650 done
2675 done
2700 done
2725 done
2750 done
2775 done
2800 done
2825 done
2850 done
2875 done
2900 done
2925 done
2950 done
2975 done
3000 done
3025 done
3050 done
3075 done
3100 done
3125 done
3150 done
3175 done
3200 done
3225 done
3250 done
3275 done
3300 done
3325 done
3350 done
3375 done
3400 done
3425 done
3450 done
3475 done
3500 done
3525 done
3550 done
3575 done
3600 done
3625 done
3650 done
3675 done
3700 done
3725 done
3750 done
3775 done
3800 done
3825 done
3850 done
3875 done
3900 done
3925 done
3950 done
3975 done
4000 done
4025 done
4050 done
4075 done
4100 done
4125 done
4150 done
4175 done
4200 done
4225 done
4250 done
4275 done
4300 done
4325 done
4350 done
4375 done
4400 done
4425 done
4450 done
4475 done
4500 done
4525 done
4550 done
4575 done
4600 done
4625 done
4650 done
4675 done
4700 done
4725 done
4750 done
4775 done
4800 done
4825 done
4850 done
4875 done
4900 done
4925 done
4950 done
4975 done
5000 done
5025 done
5050 done
5075 done
5100 done
5125 done
5150 done
5175 done
5200 done
5225 done
5250 done
5275 done
5300 done
5325 done
5350 done
5375 done
5400 done
5425 done
5450 done
5475 done
5500 done
5525 done
5550 done
5575 done
5600 done
5625 done
5650 done
5675 done
5700 done
5725 done
5750 done
5775 done
5800 done
5825 done
5850 done
5875 done
5900 done
5925 done
5950 done
5975 done
6000 done
6025 done
6050 done
6075 done
6100 done
6125 done
6150 done
6175 done
6200 done
6225 done
6250 done
6275 done
6300 done
6325 done
6350 done
careful single-item: acc=0.921  (bulk B_defs was 0.905)
   entity                             gold=258 pred=626 recall=0.98
   location                           gold=1118 pred=967 recall=0.86
   numeric value                      gold=997 pred=1002 recall=1.00
   abbreviation                       gold=997 pred=887 recall=0.89
   human being                        gold=1699 pred=1583 recall=0.93
   description and abstract concept   gold=1305 pred=1309 recall=0.92
top confusions: [('location', 'entity', 149), ('human being', 'entity', 113), ('description and abstract concept', 'entity', 98), ('abbreviation', 'description and abstract concept', 98), ('abbreviation', 'entity', 13), ('human being', 'description and abstract concept', 12)]
